==> Deploy start: 2026-07-22T23:13:17+02:00
==> App dir: /root/ecurs-lms
==> Branch: main
==> PM2 process: ecurs-lms
ERROR: repo has local changes. Commit/stash them first.
?? deploy.log
==> Deploy start: 2026-07-22T23:13:37+02:00
==> App dir: /root/ecurs-lms
==> Branch: main
==> PM2 process: ecurs-lms
==> Backing up env files
==> Fetching latest code
From https://github.com/lukarzmen/ecurs-lms
 * branch            main       -> FETCH_HEAD
From https://github.com/lukarzmen/ecurs-lms
 * branch            main       -> FETCH_HEAD
Already up to date.
==> Installing dependencies

> ecurs-lms@0.1.1 postinstall
> prisma generate

Environment variables loaded from .env
Prisma schema loaded from prisma/schema.prisma
┌─────────────────────────────────────────────────────────┐
│  Update available 6.16.2 -> 7.9.0                       │
│                                                         │
│  This is a major update - please follow the guide at    │
│  https://pris.ly/d/major-version-upgrade                │
│                                                         │
│  Run the following to update                            │
│    npm i --save-dev prisma@latest                       │
│    npm i @prisma/client@latest                          │
└─────────────────────────────────────────────────────────┘

✔ Generated Prisma Client (v6.16.2) to ./node_modules/@prisma/client in 647ms

Start by importing your Prisma Client (See: https://pris.ly/d/importing-client)

Tip: Interested in query caching in just a few lines of code? Try Accelerate today! https://pris.ly/tip-3-accelerate


added 1045 packages, and audited 1046 packages in 5m

257 packages are looking for funding
  run `npm fund` for details

51 vulnerabilities (3 low, 24 moderate, 21 high, 3 critical)

To address issues that do not require attention, run:
  npm audit fix

To address all issues (including breaking changes), run:
  npm audit fix --force

Run `npm audit` for details.
==> Running Prisma migrations
Environment variables loaded from .env
Prisma schema loaded from prisma/schema.prisma
Datasource "db": PostgreSQL database "ecurs", schema "public" at "mws03.mikr.us:53255"

13 migrations found in prisma/migrations

Error: P3009

migrate found failed migrations in the target database, new migrations will not be applied. Read more about how to resolve migration issues in a production database: https://pris.ly/d/migrate-resolve
The `20260311_add_vat_rate_to_platform_subscriptions` migration started at 2026-03-12 20:22:56.231602 UTC failed


ERROR: deploy failed with code 1
==> Rollback skipped (no new commit deployed)
==> Deploy start: 2026-07-22T23:20:33+02:00
==> App dir: /root/ecurs-lms
==> Branch: main
==> PM2 process: ecurs-lms
==> Backing up env files
==> Fetching latest code
From https://github.com/lukarzmen/ecurs-lms
 * branch            main       -> FETCH_HEAD
From https://github.com/lukarzmen/ecurs-lms
 * branch            main       -> FETCH_HEAD
Already up to date.
==> Installing dependencies

> ecurs-lms@0.1.1 postinstall
> prisma generate

Environment variables loaded from .env
Prisma schema loaded from prisma/schema.prisma

✔ Generated Prisma Client (v6.16.2) to ./node_modules/@prisma/client in 555ms

Start by importing your Prisma Client (See: https://pris.ly/d/importing-client)

Tip: Want to turn off tips and other hints? https://pris.ly/tip-4-nohints


added 812 packages, and audited 813 packages in 2m

167 packages are looking for funding
  run `npm fund` for details

33 vulnerabilities (2 low, 7 moderate, 21 high, 3 critical)

To address issues that do not require attention, run:
  npm audit fix

To address all issues (including breaking changes), run:
  npm audit fix --force

Run `npm audit` for details.
==> Running Prisma migrations
Environment variables loaded from .env
Prisma schema loaded from prisma/schema.prisma
Datasource "db": PostgreSQL database "ecurs", schema "public" at "mws03.mikr.us:53255"

13 migrations found in prisma/migrations


No pending migrations to apply.
==> Building app

> ecurs-lms@0.1.1 build
> cross-env TZ=Europe/Warsaw prisma generate && next build

Environment variables loaded from .env
Prisma schema loaded from prisma/schema.prisma

✔ Generated Prisma Client (v6.16.2) to ./node_modules/@prisma/client in 556ms

Start by importing your Prisma Client (See: https://pris.ly/d/importing-client)

Tip: Interested in query caching in just a few lines of code? Try Accelerate today! https://pris.ly/tip-3-accelerate

 ⚠ Invalid next.config.js options detected: 
 ⚠     Unrecognized key(s) in object: 'serverActions'
 ⚠ See more info here: https://nextjs.org/docs/messages/invalid-next-config
   ▲ Next.js 15.5.7
   - Environments: .env

   Creating an optimized production build ...
Failed to compile.

./components/editor/plugins/CodeActionMenuPlugin/components/PrettierButton/index.tsx
Module not found: Can't resolve 'prettier/parser-postcss'

https://nextjs.org/docs/messages/module-not-found

Import trace for requested module:
./components/editor/plugins/CodeActionMenuPlugin/index.tsx
./components/editor/Editor.tsx
./components/editor/LexicalEditor.tsx
./app/(course)/courses/[courseId]/chapters/[chapterId]/__components/chapter-content.tsx
./app/(course)/courses/[courseId]/chapters/[chapterId]/page.tsx

./components/editor/plugins/CodeActionMenuPlugin/components/PrettierButton/index.tsx
Module not found: Can't resolve 'prettier/parser-html'

https://nextjs.org/docs/messages/module-not-found

Import trace for requested module:
./components/editor/plugins/CodeActionMenuPlugin/index.tsx
./components/editor/Editor.tsx
./components/editor/LexicalEditor.tsx
./app/(course)/courses/[courseId]/chapters/[chapterId]/__components/chapter-content.tsx
./app/(course)/courses/[courseId]/chapters/[chapterId]/page.tsx

./components/editor/plugins/CodeActionMenuPlugin/components/PrettierButton/index.tsx
Module not found: Can't resolve 'prettier/parser-babel'

https://nextjs.org/docs/messages/module-not-found

Import trace for requested module:
./components/editor/plugins/CodeActionMenuPlugin/index.tsx
./components/editor/Editor.tsx
./components/editor/LexicalEditor.tsx
./app/(course)/courses/[courseId]/chapters/[chapterId]/__components/chapter-content.tsx
./app/(course)/courses/[courseId]/chapters/[chapterId]/page.tsx

./components/editor/plugins/CodeActionMenuPlugin/components/PrettierButton/index.tsx
Module not found: Can't resolve 'prettier/parser-markdown'

https://nextjs.org/docs/messages/module-not-found

Import trace for requested module:
./components/editor/plugins/CodeActionMenuPlugin/index.tsx
./components/editor/Editor.tsx
./components/editor/LexicalEditor.tsx
./app/(course)/courses/[courseId]/chapters/[chapterId]/__components/chapter-content.tsx
./app/(course)/courses/[courseId]/chapters/[chapterId]/page.tsx

./components/editor/plugins/CodeActionMenuPlugin/components/PrettierButton/index.tsx
Module not found: Can't resolve 'prettier/standalone'

https://nextjs.org/docs/messages/module-not-found

Import trace for requested module:
./components/editor/plugins/CodeActionMenuPlugin/index.tsx
./components/editor/Editor.tsx
./components/editor/LexicalEditor.tsx
./app/(course)/courses/[courseId]/chapters/[chapterId]/__components/chapter-content.tsx
./app/(course)/courses/[courseId]/chapters/[chapterId]/page.tsx


> Build failed because of webpack errors
ERROR: deploy failed with code 1
==> Rollback skipped (no new commit deployed)
==> Deploy start: 2026-07-22T23:47:00+02:00
==> App dir: /root/ecurs-lms
==> Branch: main
==> PM2 process: ecurs-lms
==> Backing up env files
==> Fetching latest code
From https://github.com/lukarzmen/ecurs-lms
 * branch            main       -> FETCH_HEAD
From https://github.com/lukarzmen/ecurs-lms
 * branch            main       -> FETCH_HEAD
Already up to date.
==> Installing dependencies

> ecurs-lms@0.1.1 postinstall
> prisma generate

Environment variables loaded from .env
Prisma schema loaded from prisma/schema.prisma

✔ Generated Prisma Client (v6.16.2) to ./node_modules/@prisma/client in 547ms

Start by importing your Prisma Client (See: https://pris.ly/d/importing-client)

Tip: Need your database queries to be 1000x faster? Accelerate offers you that and more: https://pris.ly/tip-2-accelerate


added 1046 packages, and audited 1047 packages in 2m

257 packages are looking for funding
  run `npm fund` for details

51 vulnerabilities (3 low, 24 moderate, 21 high, 3 critical)

To address issues that do not require attention, run:
  npm audit fix

To address all issues (including breaking changes), run:
  npm audit fix --force

Run `npm audit` for details.
==> Running Prisma migrations
Environment variables loaded from .env
Prisma schema loaded from prisma/schema.prisma
Datasource "db": PostgreSQL database "ecurs", schema "public" at "mws03.mikr.us:53255"

13 migrations found in prisma/migrations


No pending migrations to apply.
==> Building app

> ecurs-lms@0.1.1 build
> cross-env TZ=Europe/Warsaw prisma generate && next build

Environment variables loaded from .env
Prisma schema loaded from prisma/schema.prisma

✔ Generated Prisma Client (v6.16.2) to ./node_modules/@prisma/client in 711ms

Start by importing your Prisma Client (See: https://pris.ly/d/importing-client)

Tip: Need your database queries to be 1000x faster? Accelerate offers you that and more: https://pris.ly/tip-2-accelerate

 ⚠ Invalid next.config.js options detected: 
 ⚠     Unrecognized key(s) in object: 'serverActions'
 ⚠ See more info here: https://nextjs.org/docs/messages/invalid-next-config
   ▲ Next.js 15.5.7
   - Environments: .env

   Creating an optimized production build ...
Browserslist: caniuse-lite is outdated. Please run:
  npx update-browserslist-db@latest
  Why you should do it regularly: https://github.com/browserslist/update-db#readme
 ✓ Compiled successfully in 28.2s
   Skipping linting
   Checking validity of types ...
   Collecting page data ...
   Generating static pages (0/75) ...
   Generating static pages (18/75) 
   Generating static pages (37/75) 
   Generating static pages (56/75) 
 ✓ Generating static pages (75/75)
   Finalizing page optimization ...
   Collecting build traces ...

Route (app)                                                             Size  First Load JS
┌ ƒ /                                                                3.52 kB         126 kB
├ ƒ /_not-found                                                         1 kB         108 kB
├ ƒ /analytics                                                       3.96 kB         214 kB
├ ƒ /api/admin/fix-paths-categories                                    369 B         107 kB
├ ƒ /api/analytics                                                     369 B         107 kB
├ ƒ /api/audio                                                         369 B         107 kB
├ ƒ /api/audio/[id]                                                    369 B         107 kB
├ ƒ /api/audio/generate                                                369 B         107 kB
├ ƒ /api/categories                                                    369 B         107 kB
├ ƒ /api/content/[moduleId]                                            369 B         107 kB
├ ƒ /api/courses                                                       369 B         107 kB
├ ƒ /api/courses/[courseId]                                            369 B         107 kB
├ ƒ /api/courses/[courseId]/certificate                                369 B         107 kB
├ ƒ /api/courses/[courseId]/chapters                                   369 B         107 kB
├ ƒ /api/courses/[courseId]/chapters/[chapterId]                       369 B         107 kB
├ ƒ /api/courses/[courseId]/chapters/[chapterId]/schedule              369 B         107 kB
├ ƒ /api/courses/[courseId]/chapters/reorder                           369 B         107 kB
├ ƒ /api/courses/[courseId]/checkout                                   369 B         107 kB
├ ƒ /api/courses/[courseId]/communication                              369 B         107 kB
├ ƒ /api/courses/[courseId]/communication/[id]                         369 B         107 kB
├ ƒ /api/courses/[courseId]/communication/public                       369 B         107 kB
├ ƒ /api/courses/[courseId]/mode                                       369 B         107 kB
├ ƒ /api/courses/[courseId]/payment-status                             369 B         107 kB
├ ƒ /api/courses/[courseId]/price                                      369 B         107 kB
├ ƒ /api/courses/[courseId]/promocode                                  369 B         107 kB
├ ƒ /api/courses/[courseId]/promocode/[code]                           369 B         107 kB
├ ƒ /api/courses/[courseId]/state                                      369 B         107 kB
├ ƒ /api/courses/[courseId]/user                                       369 B         107 kB
├ ƒ /api/courses/[courseId]/users                                      369 B         107 kB
├ ƒ /api/courses/search                                                369 B         107 kB
├ ƒ /api/educational-paths                                             369 B         107 kB
├ ƒ /api/educational-paths/[id]                                        369 B         107 kB
├ ƒ /api/educational-paths/[id]/checkout                               369 B         107 kB
├ ƒ /api/educational-paths/[id]/courses                                369 B         107 kB
├ ƒ /api/educational-paths/[id]/mode                                   369 B         107 kB
├ ƒ /api/educational-paths/[id]/payment-status                         369 B         107 kB
├ ƒ /api/educational-paths/[id]/price                                  369 B         107 kB
├ ƒ /api/educational-paths/[id]/promocode                              369 B         107 kB
├ ƒ /api/educational-paths/[id]/promocode/[code]                       369 B         107 kB
├ ƒ /api/educational-paths/[id]/state                                  369 B         107 kB
├ ƒ /api/educational-paths/[id]/user                                   369 B         107 kB
├ ƒ /api/image                                                         369 B         107 kB
├ ƒ /api/image/[id]                                                    369 B         107 kB
├ ƒ /api/legal/accept                                                  369 B         107 kB
├ ƒ /api/legal/versions                                                369 B         107 kB
├ ƒ /api/module/[moduleId]                                             369 B         107 kB
├ ƒ /api/module/[moduleId]/complete                                    369 B         107 kB
├ ƒ /api/module/[moduleId]/state                                       369 B         107 kB
├ ƒ /api/notifications/cron                                            369 B         107 kB
├ ƒ /api/notifications/email                                           369 B         107 kB
├ ƒ /api/notifications/schedules                                       369 B         107 kB
├ ƒ /api/notifications/schedules/[id]                                  369 B         107 kB
├ ƒ /api/permissions                                                   369 B         107 kB
├ ƒ /api/permissions/[userCourseId]                                    369 B         107 kB
├ ƒ /api/platform-subscription                                         369 B         107 kB
├ ƒ /api/platform-subscription/cancel                                  369 B         107 kB
├ ƒ /api/schools/[schoolId]                                            369 B         107 kB
├ ƒ /api/schools/[schoolId]/analytics                                  369 B         107 kB
├ ƒ /api/schools/[schoolId]/invite-teacher                             369 B         107 kB
├ ƒ /api/schools/[schoolId]/members                                    369 B         107 kB
├ ƒ /api/schools/[schoolId]/search-teachers                            369 B         107 kB
├ ƒ /api/schools/[schoolId]/stats                                      369 B         107 kB
├ ƒ /api/schools/[schoolId]/students                                   369 B         107 kB
├ ƒ /api/schools/[schoolId]/teachers/[teacherId]                       369 B         107 kB
├ ƒ /api/schools/create                                                369 B         107 kB
├ ƒ /api/schools/current                                               369 B         107 kB
├ ƒ /api/schools/invite-teachers                                       369 B         107 kB
├ ƒ /api/schools/join-request                                          369 B         107 kB
├ ƒ /api/schools/list                                                  369 B         107 kB
├ ƒ /api/schools/members/[memberId]                                    369 B         107 kB
├ ƒ /api/schools/my-school                                             369 B         107 kB
├ ƒ /api/schools/my-school/members                                     369 B         107 kB
├ ƒ /api/schools/pending-requests                                      369 B         107 kB
├ ƒ /api/schools/requests/[requestId]/accept                           369 B         107 kB
├ ƒ /api/schools/requests/[requestId]/reject                           369 B         107 kB
├ ƒ /api/stripe/connect                                                369 B         107 kB
├ ƒ /api/stripe/create-account-link                                    369 B         107 kB
├ ƒ /api/stripe/recreate-company-account                               369 B         107 kB
├ ƒ /api/stripe/test                                                   369 B         107 kB
├ ƒ /api/stripe/update-account-type                                    369 B         107 kB
├ ƒ /api/student                                                       369 B         107 kB
├ ƒ /api/student-analytics                                             369 B         107 kB
├ ƒ /api/student/courses                                               369 B         107 kB
├ ƒ /api/student/courses/[userCourseId]/cancel-subscription            369 B         107 kB
├ ƒ /api/student/educational-paths                                     369 B         107 kB
├ ƒ /api/student/educational-paths/[purchaseId]/cancel-subscription    369 B         107 kB
├ ƒ /api/student/search                                                369 B         107 kB
├ ƒ /api/tasks                                                         369 B         107 kB
├ ƒ /api/teacher/school-status                                         369 B         107 kB
├ ƒ /api/transcribe                                                    369 B         107 kB
├ ƒ /api/user                                                          369 B         107 kB
├ ƒ /api/user/business-type                                            369 B         107 kB
├ ƒ /api/user/courses                                                  369 B         107 kB
├ ƒ /api/user/educational-paths                                        369 B         107 kB
├ ƒ /api/user/profile                                                  369 B         107 kB
├ ƒ /api/user/school                                                   369 B         107 kB
├ ƒ /api/user/school-status                                            369 B         107 kB
├ ƒ /api/user/schools                                                  369 B         107 kB
├ ƒ /api/user/schools/[schoolId]/leave                                 369 B         107 kB
├ ƒ /api/user/update-business-data                                     369 B         107 kB
├ ƒ /api/user/update-provider-id                                       369 B         107 kB
├ ƒ /api/webhook                                                       369 B         107 kB
├ ƒ /api/wishlist                                                      369 B         107 kB
├ ƒ /courses/[courseId]                                              4.95 kB         154 kB
├ ƒ /courses/[courseId]/chapters/[chapterId]                          4.5 kB         520 kB
├ ƒ /courses/[courseId]/enroll                                       4.96 kB         157 kB
├ ƒ /educational-paths/[id]                                          6.36 kB         161 kB
├ ƒ /educational-paths/[id]/enroll                                   4.98 kB         157 kB
├ ƒ /post-auth                                                       1.14 kB         135 kB
├ ƒ /privacy                                                           170 B         110 kB
├ ƒ /register                                                        25.3 kB         167 kB
├ ƒ /search                                                          10.8 kB         165 kB
├ ƒ /settings                                                        5.22 kB         163 kB
├ ƒ /sign-in/[[...sign-in]]                                          1.76 kB         135 kB
├ ƒ /sign-up/[[...sign-up]]                                          1.77 kB         135 kB
├ ƒ /teacher/analytics                                               6.46 kB         216 kB
├ ƒ /teacher/courses                                                 6.61 kB         170 kB
├ ƒ /teacher/courses/[courseId]                                      62.7 kB         305 kB
├ ƒ /teacher/courses/[courseId]/chapters/[chapterId]                 6.48 kB         575 kB
├ ƒ /teacher/courses/create                                          6.44 kB         206 kB
├ ƒ /teacher/educational-paths                                       5.38 kB         169 kB
├ ƒ /teacher/educational-paths/[id]                                  8.61 kB         219 kB
├ ƒ /teacher/educational-paths/create                                17.9 kB         190 kB
├ ƒ /teacher/find-school                                             3.94 kB         149 kB
├ ƒ /teacher/notifications                                           8.24 kB         154 kB
├ ƒ /teacher/onboarding/cancelled                                    2.33 kB         114 kB
├ ƒ /teacher/onboarding/refresh                                      2.36 kB         114 kB
├ ƒ /teacher/onboarding/success                                       2.7 kB         114 kB
├ ƒ /teacher/school/[schoolId]/manage                                4.35 kB         150 kB
├ ƒ /teacher/school/manage                                           6.04 kB         173 kB
├ ƒ /teacher/settings                                                9.02 kB         167 kB
├ ƒ /teacher/students                                                5.36 kB         166 kB
└ ƒ /terms                                                             170 B         110 kB
+ First Load JS shared by all                                         107 kB
  ├ chunks/1255-01735991e86fac1b.js                                  45.4 kB
  ├ chunks/4bd1b696-182b6b13bdad92e3.js                              54.2 kB
  └ other shared chunks (total)                                      6.93 kB


ƒ Middleware                                                         80.4 kB

ƒ  (Dynamic)  server-rendered on demand

==> Restarting PM2 process: ecurs-lms
[32m[PM2] [39mApplying action restartProcessId on app [ecurs-lms](ids: [ 2 ])
[32m[PM2] [39m[ecurs-lms](2) ✓
┌────┬──────────────────┬─────────────┬─────────┬─────────┬──────────┬────────┬──────┬───────────┬──────────┬──────────┬──────────┬──────────┐
│ id │ name             │ namespace   │ version │ mode    │ pid      │ uptime │ ↺    │ status    │ cpu      │ mem      │ user     │ watching │
├────┼──────────────────┼─────────────┼─────────┼─────────┼──────────┼────────┼──────┼───────────┼──────────┼──────────┼──────────┼──────────┤
│ [1m[36m2[39m[22m  │ ecurs-lms        │ default     │ N/A     │ [7m[1mfork[22m[27m    │ 121480   │ 0s     │ 45   │ [32m[1monline[22m[39m    │ 0%       │ 25.8mb   │ [1mroot[22m     │ [90mdisabled[39m │
│ [1m[36m0[39m[22m  │ gosciniec-web    │ default     │ N/A     │ [7m[1mfork[22m[27m    │ 25241    │ 12D    │ 2    │ [32m[1monline[22m[39m    │ 0%       │ 54.1mb   │ [1mroot[22m     │ [90mdisabled[39m │
└────┴──────────────────┴─────────────┴─────────┴─────────┴──────────┴────────┴──────┴───────────┴──────────┴──────────┴──────────┴──────────┘
[32m[PM2] [39mSaving current process list...
[32m[PM2] [39mSuccessfully saved in /root/.pm2/dump.pm2
==> Deployed commit: 539ffd864a94aa8e7f0f2cae641a6eccfe607932
==> Deploy finished successfully: 2026-07-22T23:51:03+02:00
==> Log file: /root/ecurs-lms/deploy.log
==> Deploy start: 2026-09-28T21:33:47+02:00
==> App dir: /root/ecurs-lms
==> Branch: main
==> PM2 process: ecurs-lms
==> Backing up env files
==> Fetching latest code
From https://github.com/lukarzmen/ecurs-lms
 * branch            main       -> FETCH_HEAD
From https://github.com/lukarzmen/ecurs-lms
 * branch            main       -> FETCH_HEAD
Already up to date.
==> Installing dependencies

> ecurs-lms@0.1.1 postinstall
> prisma generate

Environment variables loaded from .env
Prisma schema loaded from prisma/schema.prisma
┌─────────────────────────────────────────────────────────┐
│  Update available 6.16.2 -> 8.0.0-rc.17                 │
│                                                         │
│  This is a major update - please follow the guide at    │
│  https://pris.ly/d/major-version-upgrade                │
│                                                         │
│  Run the following to update                            │
│    npm i --save-dev prisma@latest                       │
│    npm i @prisma/client@latest                          │
└─────────────────────────────────────────────────────────┘

✔ Generated Prisma Client (v6.16.2) to ./node_modules/@prisma/client in 840ms

Start by importing your Prisma Client (See: https://pris.ly/d/importing-client)

Tip: Need your database queries to be 1000x faster? Accelerate offers you that and more: https://pris.ly/tip-2-accelerate


added 1049 packages, and audited 1050 packages in 6m

258 packages are looking for funding
  run `npm fund` for details

57 vulnerabilities (4 low, 26 moderate, 23 high, 4 critical)

To address issues that do not require attention, run:
  npm audit fix

To address all issues (including breaking changes), run:
  npm audit fix --force

Run `npm audit` for details.
==> Running Prisma migrations
Environment variables loaded from .env
Prisma schema loaded from prisma/schema.prisma
Datasource "db": PostgreSQL database "ecurs", schema "public" at "mws03.mikr.us:53255"

13 migrations found in prisma/migrations


No pending migrations to apply.
==> Building app

> ecurs-lms@0.1.1 build
> cross-env TZ=Europe/Warsaw prisma generate && next build

Environment variables loaded from .env
Prisma schema loaded from prisma/schema.prisma

✔ Generated Prisma Client (v6.16.2) to ./node_modules/@prisma/client in 1.05s

Start by importing your Prisma Client (See: https://pris.ly/d/importing-client)

Tip: Need your database queries to be 1000x faster? Accelerate offers you that and more: https://pris.ly/tip-2-accelerate

   ▲ Next.js 15.5.7
   - Environments: .env
   - Experiments (use with caution):
     · serverActions

   Creating an optimized production build ...
<w> [webpack.cache.PackFileCacheStrategy] Serializing big strings (166kiB) impacts deserialization performance (consider using Buffer instead and decode when needed)
Browserslist: caniuse-lite is outdated. Please run:
  npx update-browserslist-db@latest
  Why you should do it regularly: https://github.com/browserslist/update-db#readme
 ✓ Compiled successfully in 91s
   Skipping linting
   Checking validity of types ...
Failed to compile.

./app/api/platform-subscription/route.ts:91:13
Type error: Property 'commissionRatePercent' is missing in type '{ id: number; name: string; description: string; individualMonthlyFee: Decimal; schoolYearlyFee: Decimal; vatRate: Decimal; currency: string; trialPeriodDays: number; isActive: true; createdAt: Date; updatedAt: Date; }' but required in type '{ id: number; name: string; description: string | null; individualMonthlyFee: Decimal; schoolYearlyFee: Decimal; vatRate: Decimal; currency: string; trialPeriodDays: number; commissionRatePercent: Decimal; isActive: boolean; createdAt: Date; updatedAt: Date; }'.

[0m [90m 89 |[39m         [36mif[39m ([33m![39mfeeConfig) {
 [90m 90 |[39m             console[33m.[39mlog([32m"No platform fee config found, using defaults"[39m)[33m;[39m
[31m[1m>[22m[39m[90m 91 |[39m             feeConfig [33m=[39m {
 [90m    |[39m             [31m[1m^[22m[39m
 [90m 92 |[39m                 id[33m:[39m [35m0[39m[33m,[39m
 [90m 93 |[39m                 name[33m:[39m [32m'Default'[39m[33m,[39m
 [90m 94 |[39m                 description[33m:[39m [32m'Default configuration'[39m[33m,[39m[0m
Next.js build worker exited with code: 1 and signal: null
ERROR: deploy failed with code 1
==> Rollback skipped (no new commit deployed)
==> Deploy start: 2026-09-28T21:44:14+02:00
==> App dir: /root/ecurs-lms
==> Branch: main
==> PM2 process: ecurs-lms
==> Backing up env files
==> Fetching latest code
From https://github.com/lukarzmen/ecurs-lms
 * branch            main       -> FETCH_HEAD
From https://github.com/lukarzmen/ecurs-lms
 * branch            main       -> FETCH_HEAD
Already up to date.
==> Installing dependencies
npm notice This endpoint is being retired. Use the bulk advisory endpoint instead. See the following docs for more info: https://api-docs.npmjs.com/#tag/Audit

> ecurs-lms@0.1.1 postinstall
> prisma generate

Environment variables loaded from .env
Prisma schema loaded from prisma/schema.prisma

✔ Generated Prisma Client (v6.16.2) to ./node_modules/@prisma/client in 494ms

Start by importing your Prisma Client (See: https://pris.ly/d/importing-client)

Tip: Want to turn off tips and other hints? https://pris.ly/tip-4-nohints


added 1049 packages in 2m

258 packages are looking for funding
  run `npm fund` for details
==> Running Prisma migrations
Environment variables loaded from .env
Prisma schema loaded from prisma/schema.prisma
Datasource "db": PostgreSQL database "ecurs", schema "public" at "mws03.mikr.us:53255"

13 migrations found in prisma/migrations


No pending migrations to apply.
==> Building app

> ecurs-lms@0.1.1 build
> cross-env TZ=Europe/Warsaw prisma generate && next build

Environment variables loaded from .env
Prisma schema loaded from prisma/schema.prisma

✔ Generated Prisma Client (v6.16.2) to ./node_modules/@prisma/client in 484ms

Start by importing your Prisma Client (See: https://pris.ly/d/importing-client)

Tip: Need your database queries to be 1000x faster? Accelerate offers you that and more: https://pris.ly/tip-2-accelerate

   ▲ Next.js 15.5.7
   - Environments: .env
   - Experiments (use with caution):
     · serverActions

   Creating an optimized production build ...
Browserslist: caniuse-lite is outdated. Please run:
  npx update-browserslist-db@latest
  Why you should do it regularly: https://github.com/browserslist/update-db#readme
 ✓ Compiled successfully in 34.1s
   Skipping linting
   Checking validity of types ...
Failed to compile.

./components/editor/nodes/DefinitionNode.tsx:18:14
Type error: Class static side 'typeof DefinitionNode' incorrectly extends base class static side 'typeof DecoratorNode'.
  Types of property 'importJSON' are incompatible.
    Type '(serializedNode: SerializedDefinitionNode) => DefinitionNode' is not assignable to type '(_serializedNode: Omit<SerializedLexicalNode & Partial<SerializedLexicalNode>, "children" | "version" | "$slots"> & { ...; } & Record<...>) => LexicalNode'.
      Types of parameters 'serializedNode' and '_serializedNode' are incompatible.
        Type 'Omit<SerializedLexicalNode & Partial<SerializedLexicalNode>, "children" | "version" | "$slots"> & { ...; } & Record<...>' is missing the following properties from type 'SerializedDefinitionNode': key, description

[0m [90m 16 |[39m
 [90m 17 |[39m [36mconst[39m [33mTOOLTIP_CHARACTER_LIMIT[39m [33m=[39m [35m50[39m[33m;[39m [90m// Limit for tooltip description length[39m
[31m[1m>[22m[39m[90m 18 |[39m [36mexport[39m [36mclass[39m [33mDefinitionNode[39m [36mextends[39m [33mDecoratorNode[39m[33m<[39m[33mJSX[39m[33m.[39m[33mElement[39m[33m>[39m {
 [90m    |[39m              [31m[1m^[22m[39m
 [90m 19 |[39m     __key[33m:[39m string[33m;[39m
 [90m 20 |[39m     __description[33m:[39m string[33m;[39m
 [90m 21 |[39m[0m
Next.js build worker exited with code: 1 and signal: null
ERROR: deploy failed with code 1
==> Rollback skipped (no new commit deployed)
==> Deploy start: 2026-09-28T21:50:57+02:00
==> App dir: /root/ecurs-lms
==> Branch: main
==> PM2 process: ecurs-lms
==> Backing up env files
==> Fetching latest code
From https://github.com/lukarzmen/ecurs-lms
 * branch            main       -> FETCH_HEAD
From https://github.com/lukarzmen/ecurs-lms
 * branch            main       -> FETCH_HEAD
Already up to date.
==> Installing dependencies

> ecurs-lms@0.1.1 postinstall
> prisma generate

Environment variables loaded from .env
Prisma schema loaded from prisma/schema.prisma

✔ Generated Prisma Client (v6.16.2) to ./node_modules/@prisma/client in 506ms

Start by importing your Prisma Client (See: https://pris.ly/d/importing-client)

Tip: Interested in query caching in just a few lines of code? Try Accelerate today! https://pris.ly/tip-3-accelerate


added 1049 packages, and audited 1050 packages in 2m

258 packages are looking for funding
  run `npm fund` for details

57 vulnerabilities (4 low, 26 moderate, 23 high, 4 critical)

To address issues that do not require attention, run:
  npm audit fix

To address all issues (including breaking changes), run:
  npm audit fix --force

Run `npm audit` for details.
==> Running Prisma migrations
Environment variables loaded from .env
Prisma schema loaded from prisma/schema.prisma
Datasource "db": PostgreSQL database "ecurs", schema "public" at "mws03.mikr.us:53255"

13 migrations found in prisma/migrations


No pending migrations to apply.
==> Building app

> ecurs-lms@0.1.1 build
> cross-env TZ=Europe/Warsaw prisma generate && next build

Environment variables loaded from .env
Prisma schema loaded from prisma/schema.prisma

✔ Generated Prisma Client (v6.16.2) to ./node_modules/@prisma/client in 479ms

Start by importing your Prisma Client (See: https://pris.ly/d/importing-client)

Tip: Need your database queries to be 1000x faster? Accelerate offers you that and more: https://pris.ly/tip-2-accelerate

   ▲ Next.js 15.5.7
   - Environments: .env
   - Experiments (use with caution):
     · serverActions

   Creating an optimized production build ...
Browserslist: caniuse-lite is outdated. Please run:
  npx update-browserslist-db@latest
  Why you should do it regularly: https://github.com/browserslist/update-db#readme
 ✓ Compiled successfully in 28.7s
   Skipping linting
   Checking validity of types ...
Failed to compile.

./components/editor/nodes/EquationComponent.tsx:127:56
Type error: Argument of type 'unknown' is not assignable to parameter of type 'Error'.

[0m [90m 125 |[39m         [33m/[39m[33m>[39m
 [90m 126 |[39m       ) [33m:[39m (
[31m[1m>[22m[39m[90m 127 |[39m         [33m<[39m[33mErrorBoundary[39m onError[33m=[39m{(e) [33m=>[39m editor[33m.[39m_onError(e)} fallback[33m=[39m{[36mnull[39m}[33m>[39m
 [90m     |[39m                                                        [31m[1m^[22m[39m
 [90m 128 |[39m           [33m<[39m[33mKatexRenderer[39m
 [90m 129 |[39m             equation[33m=[39m{equationValue}
 [90m 130 |[39m             inline[33m=[39m{inline}[0m
Next.js build worker exited with code: 1 and signal: null
ERROR: deploy failed with code 1
==> Rollback skipped (no new commit deployed)
